// Jest Snapshot v1, https://goo.gl/fbAQLP

exports[`getFeatureFlags should be able to wrap a page component with a FeatureFlagProvider 1`] = `
<PageWithFeatureFlags>
  <e
    baseUrl="https://api-g.weedmaps.com/feature-flag/v1"
  >
    <MockPage>
      <div>
        Mock Page
      </div>
    </MockPage>
  </e>
</PageWithFeatureFlags>
`;
