// Jest Snapshot v1, https://goo.gl/fbAQLP

exports[`Buyer Cart Store can fetch buyer from cart endpoint and set data 1`] = `
Object {
  "cartErrors": Array [],
  "id": "32647882-a91a-49cd-b06a-b86192c0d0fb",
  "items": Array [
    Object {
      "allocation": undefined,
      "amount": 100,
      "id": "8ec23207-a194-4b82-be11-a1cb7392c6cf",
      "price": 1000,
      "variant": Object {
        "id": "feafa975-e1cf-4665-8be3-e4be80eba2d6",
        "name": "50 Units",
        "product": Object {
          "avatarImage": Object {
            "id": "bbd07ee4-865a-4d70-a484-15348fed7f0f",
            "largeUrl": "https://images-acceptance.internal-weedmaps.com/products/000/055/416/avatar/large/1508885935-bathbomb-LAVENDER.png",
            "mediumUrl": "https://images-acceptance.internal-weedmaps.com/products/000/055/416/avatar/medium/1508885935-bathbomb-LAVENDER.png",
            "smallUrl": "https://images-acceptance.internal-weedmaps.com/products/000/055/416/avatar/square/1508885935-bathbomb-LAVENDER.png",
          },
          "brand": Object {
            "address": Object {
              "city": "Irvine",
              "country": "us",
              "id": "3cdf8df1-4a9d-43cc-9aac-2548eb08dc58",
              "latitude": 33.66517839999999,
              "longitude": -117.756439,
              "postalCode": "92618",
              "streetAddress": "44 Discovery",
              "territory": "CA",
            },
            "avatarImage": Object {
              "id": "202793d4-1967-432f-bbf1-6a21842f3abf",
            },
            "contactName": "test",
            "deliveryEta": Object {
              "etaMax": 3,
              "etaMaxUnit": "day",
              "etaMin": 1,
              "etaMinUnit": "day",
            },
            "description": "<p>We are the industry leader in solventless distillate. We currently produce 6 different products with our Thclear Distillate, with our infamous uncut Private Reserve Cartridge being the most popular. Our other amazing products include: Disposable Pens, Cartridges, Syringes, Honeypot Vials, and our funky 50/50!</p>",
            "email": "test",
            "id": "d60ca06a-89db-4584-99a8-1f9b9f427e42",
            "licenses": null,
            "minimumPurchasePrice": 10000,
            "name": "THClear Co",
            "phoneNumber": "123-123-1234",
            "shippingFee": 100,
            "slug": "thclear-co",
          },
          "categories": undefined,
          "containsCannabis": null,
          "departments": undefined,
          "description": "<p>THClear refreshing lavender bath bomb is infused with 100 MG CBD oil. Drop the bath bomb into water for a relaxing soak that will help with aches and pains! Be very careful leaving because the oil can leave your tub slippery. </p> <p> </p> <p>How to use: Fill your bathtub with warm water, drop in the bath bomb and lie back to enjoy its lovely color and gorgeous fragrance. The heat of the water allows the product to penetrate into the skin deeper while soothing muscle aches and pains, and alleviating dry skin leaving you with a feeling of bliss and comfort.</p>",
          "galleryImages": undefined,
          "id": "920c3b08-707a-459e-9d4b-dcb49eb73298",
          "name": "BATH BOMB - LAVENDER",
          "slug": "thclear-co-bath-bomb-lavender",
          "variants": undefined,
        },
        "size": 50,
        "sku": "zzzzzzzz",
        "unit": "unit",
      },
    },
    Object {
      "allocation": undefined,
      "amount": 2,
      "id": "fb7d8304-dfff-438f-8a80-013e5e9674c5",
      "price": 4000,
      "variant": Object {
        "id": "8693bc89-8c5e-4424-8ba5-32d82bda6ee7",
        "name": "Ounce Variant",
        "product": Object {
          "avatarImage": Object {
            "id": "36c13f11-acdb-44c5-a3ca-196041cef927",
            "largeUrl": "https://images-acceptance.internal-weedmaps.com/products/000/045/077/avatar/large/1503004147-THClear_HYBRID-1.jpg",
            "mediumUrl": "https://images-acceptance.internal-weedmaps.com/products/000/045/077/avatar/medium/1503004147-THClear_HYBRID-1.jpg",
            "smallUrl": "https://images-acceptance.internal-weedmaps.com/products/000/045/077/avatar/square/1503004147-THClear_HYBRID-1.jpg",
          },
          "brand": Object {
            "address": Object {
              "city": "Irvine",
              "country": "us",
              "id": "3cdf8df1-4a9d-43cc-9aac-2548eb08dc58",
              "latitude": 33.66517839999999,
              "longitude": -117.756439,
              "postalCode": "92618",
              "streetAddress": "44 Discovery",
              "territory": "CA",
            },
            "avatarImage": Object {
              "id": "202793d4-1967-432f-bbf1-6a21842f3abf",
            },
            "contactName": "test",
            "deliveryEta": Object {
              "etaMax": 3,
              "etaMaxUnit": "day",
              "etaMin": 1,
              "etaMinUnit": "day",
            },
            "description": "We are the industry leader in solventless distillate.",
            "email": "test",
            "id": "d60ca06a-89db-4584-99a8-1f9b9f427e42",
            "licenses": null,
            "minimumPurchasePrice": 10000,
            "name": "THClear Co",
            "phoneNumber": "123-123-1234",
            "shippingFee": 100,
            "slug": "thclear-co",
          },
          "categories": undefined,
          "containsCannabis": null,
          "departments": undefined,
          "description": "Experience the stickiest strawberry Hybrid yet with THClear Co.",
          "galleryImages": undefined,
          "id": "a3c62aa0-2c32-4252-b385-e4e1b6f4c630",
          "name": "PRE-ROLL CONES- STRAWBERRY GLUE",
          "slug": "thclear-co-pre-roll-cones-strawberry-glue",
          "variants": undefined,
        },
        "size": 1,
        "sku": "p450uye73je3",
        "unit": "ounce",
      },
    },
  ],
  "shippingFee": 100,
  "subtotal": 108000,
  "total": 108100,
}
`;
