// Jest Snapshot v1, https://goo.gl/fbAQLP

exports[`Locations should render out the Locations 1`] = `
Array [
  <LocationCard
    contactName="Andre Smithh"
    deliveryInstruction="TEST."
    email="asciametta@aol.com"
    isPrimary={true}
    locationAddress={
      Object {
        "city": "Irvine",
        "country": "us",
        "id": "b393b3e0-0814-4352-aa63-95a4d07fe1af",
        "latitude": 33.6618199,
        "longitude": -117.7597545,
        "postalCode": "92618",
        "streetAddress": "55 Discovery",
        "territory": "CA",
      }
    }
    locationTitle="Andrew's Cryb"
    phone="(303) 555-5555"
  />,
  <LocationCard
    contactName="Joe Smith"
    deliveryInstruction="Knock four times."
    email="joesmith@aol.com"
    isPrimary={false}
    locationAddress={
      Object {
        "city": "Irvine",
        "country": "us",
        "id": "3cdf8df1-4a9d-43cc-9aac-2548eb08dc58",
        "latitude": 33.66517839999999,
        "longitude": -117.756439,
        "postalCode": "92618",
        "streetAddress": "44 Discovery",
        "territory": "CA",
      }
    }
    locationTitle="Test Location"
    phone="(303) 555-5555"
  />,
]
`;
