// Jest Snapshot v1, https://goo.gl/fbAQLP

exports[`Address Suggestions Store can fetch data from address suggestion endpoint 1`] = `
Array [
  Object {
    "address": "41 Discovery Park Boulevard, Seattle, WA, USA",
    "id": "Ei00MSBEaXNjb3ZlcnkgUGFyayBCb3VsZXZhcmQsIFNlYXR0bGUsIFdBLCBVU0E",
  },
  Object {
    "address": "41 Discovery Drive, The Dalles, OR, USA",
    "id": "Eic0MSBEaXNjb3ZlcnkgRHJpdmUsIFRoZSBEYWxsZXMsIE9SLCBVU0E",
  },
  Object {
    "address": "41 Discovery Circle Northeast, Issaquah, WA, USA",
    "id": "EjA0MSBEaXNjb3ZlcnkgQ2lyY2xlIE5vcnRoZWFzdCwgSXNzYXF1YWgsIFdBLCBVU0E",
  },
  Object {
    "address": "41 Discovery Trail, Vancouver, WA, USA",
    "id": "EiY0MSBEaXNjb3ZlcnkgVHJhaWwsIFZhbmNvdXZlciwgV0EsIFVTQQ",
  },
  Object {
    "address": "41 Discovery Street, Walla Walla, WA, USA",
    "id": "Eik0MSBEaXNjb3ZlcnkgU3RyZWV0LCBXYWxsYSBXYWxsYSwgV0EsIFVTQQ",
  },
]
`;
