// Jest Snapshot v1, https://goo.gl/fbAQLP

exports[`Top Nav Top Nav 1`] = `
<top-nav__TopNavContainer>
  <top-nav__LeftContainer>
    <top-nav__MenuButton
      onClick={[Function]}
    >
      <Menu />
    </top-nav__MenuButton>
    <Heading
      active="deals"
    />
  </top-nav__LeftContainer>
  <top-nav__RightContainer>
    <UserDropdown
      avatarUrl="http://localhost"
      user=""
    />
  </top-nav__RightContainer>
</top-nav__TopNavContainer>
`;
