// Jest Snapshot v1, https://goo.gl/fbAQLP

exports[`Top Nav Menu Menu 1`] = `
<top-nav-menu__MenuContainer>
  <top-nav-menu__IconWrapper>
    <WithTheme(Menu)
      fill="#999999"
      size={
        Object {
          "height": "16px",
          "width": "24px",
        }
      }
    />
  </top-nav-menu__IconWrapper>
</top-nav-menu__MenuContainer>
`;
