// Jest Snapshot v1, https://goo.gl/fbAQLP

exports[`Category Store can fetch data from categories endpoint 1`] = `
Array [
  Object {
    "avatarImage": null,
    "categories": undefined,
    "iconImage": null,
    "id": "81ac71b1-1c0c-490e-ad8a-062a6a1ae9a6",
    "name": "Concentrates",
    "parentCategoryId": null,
    "slug": null,
  },
]
`;
